INFO 2026-04-28 09:54:18,725 autoreload 74591 140316399328128 Watching for file changes with StatReloader
INFO 2026-04-28 09:54:18,725 autoreload 74591 140316399328128 Watching for file changes with StatReloader
INFO 2026-04-28 09:56:03,101 basehttp 74591 140316157171392 "POST /api/auth/register/ HTTP/1.1" 201 371
INFO 2026-04-28 09:56:03,101 basehttp 74591 140316157171392 "POST /api/auth/register/ HTTP/1.1" 201 371
INFO 2026-04-28 09:56:03,283 basehttp 74591 140316157171392 "POST /api/auth/login/ HTTP/1.1" 200 833
INFO 2026-04-28 09:56:03,283 basehttp 74591 140316157171392 "POST /api/auth/login/ HTTP/1.1" 200 833
INFO 2026-04-28 09:56:03,336 basehttp 74591 140316157171392 "POST /api/projects/ HTTP/1.1" 201 76
INFO 2026-04-28 09:56:03,336 basehttp 74591 140316157171392 "POST /api/projects/ HTTP/1.1" 201 76
INFO 2026-04-28 09:56:16,734 basehttp 74591 140316157171392 "POST /api/auth/login/ HTTP/1.1" 200 833
INFO 2026-04-28 09:56:16,734 basehttp 74591 140316157171392 "POST /api/auth/login/ HTTP/1.1" 200 833
INFO 2026-04-28 09:56:16,748 basehttp 74591 140316157171392 "GET /api/projects/ HTTP/1.1" 200 582
INFO 2026-04-28 09:56:16,748 basehttp 74591 140316157171392 "GET /api/projects/ HTTP/1.1" 200 582
INFO 2026-04-28 09:56:16,894 basehttp 74591 140316157171392 "POST /api/explorations/runs/ HTTP/1.1" 201 218
INFO 2026-04-28 09:56:16,894 basehttp 74591 140316157171392 "POST /api/explorations/runs/ HTTP/1.1" 201 218
INFO 2026-04-28 09:56:18,947 basehttp 74591 140316157171392 "GET /api/explorations/runs/1/ HTTP/1.1" 200 4627
INFO 2026-04-28 09:56:18,947 basehttp 74591 140316157171392 "GET /api/explorations/runs/1/ HTTP/1.1" 200 4627
INFO 2026-04-28 09:56:18,954 basehttp 74591 140316157171392 "GET /api/explorations/features/?run=1 HTTP/1.1" 200 52
INFO 2026-04-28 09:56:18,954 basehttp 74591 140316157171392 "GET /api/explorations/features/?run=1 HTTP/1.1" 200 52
INFO 2026-04-28 10:05:00,547 basehttp 74591 140316157171392 "POST /api/auth/login/ HTTP/1.1" 200 831
INFO 2026-04-28 10:05:00,547 basehttp 74591 140316157171392 "POST /api/auth/login/ HTTP/1.1" 200 831
INFO 2026-04-28 10:05:08,208 basehttp 74591 140316157171392 "GET /api/api-testing/dashboard/stats/ HTTP/1.1" 200 73
INFO 2026-04-28 10:05:08,208 basehttp 74591 140316157171392 "GET /api/api-testing/dashboard/stats/ HTTP/1.1" 200 73
INFO 2026-04-28 10:05:08,227 basehttp 74591 140316157171392 "GET /api/api-testing/operation-logs/?page_size=20&ordering=-created_at HTTP/1.1" 200 52
INFO 2026-04-28 10:05:08,227 basehttp 74591 140316157171392 "GET /api/api-testing/operation-logs/?page_size=20&ordering=-created_at HTTP/1.1" 200 52
INFO 2026-04-28 10:05:29,144 basehttp 74591 140316157171392 "GET /api/api-testing/projects/ HTTP/1.1" 200 52
INFO 2026-04-28 10:05:29,144 basehttp 74591 140316157171392 "GET /api/api-testing/projects/ HTTP/1.1" 200 52
INFO 2026-04-28 10:05:29,254 views 74591 140316157171392 获取到工具列表，共 69 个工具
INFO 2026-04-28 10:05:29,255 basehttp 74591 140316157171392 "GET /api/data-factory/variable_functions/ HTTP/1.1" 200 10862
INFO 2026-04-28 10:05:29,255 basehttp 74591 140316157171392 "GET /api/data-factory/variable_functions/ HTTP/1.1" 200 10862
INFO 2026-04-28 10:05:29,708 basehttp 74591 140316157171392 "GET /api/api-testing/projects/?page=1&page_size=20 HTTP/1.1" 200 52
INFO 2026-04-28 10:05:29,708 basehttp 74591 140316157171392 "GET /api/api-testing/projects/?page=1&page_size=20 HTTP/1.1" 200 52
INFO 2026-04-28 10:05:29,710 basehttp 74591 140316141422272 "GET /api/api-testing/users/ HTTP/1.1" 200 227
INFO 2026-04-28 10:05:29,710 basehttp 74591 140316141422272 "GET /api/api-testing/users/ HTTP/1.1" 200 227
INFO 2026-04-28 10:05:30,120 basehttp 74591 140316141422272 "GET /api/api-testing/projects/ HTTP/1.1" 200 52
INFO 2026-04-28 10:05:30,120 basehttp 74591 140316141422272 "GET /api/api-testing/projects/ HTTP/1.1" 200 52
INFO 2026-04-28 10:05:30,227 basehttp 74591 140316141422272 "GET /api/data-factory/variable_functions/ HTTP/1.1" 200 10862
INFO 2026-04-28 10:05:30,227 basehttp 74591 140316141422272 "GET /api/data-factory/variable_functions/ HTTP/1.1" 200 10862
INFO 2026-04-28 10:05:40,577 basehttp 74591 140316157171392 "GET /api/ui-automation/operation-records/?limit=10 HTTP/1.1" 200 52
INFO 2026-04-28 10:05:40,578 basehttp 74591 140316141422272 "GET /api/ui-automation/dashboard/stats/ HTTP/1.1" 200 75
INFO 2026-04-28 10:05:40,578 basehttp 74591 140316141422272 "GET /api/ui-automation/dashboard/stats/ HTTP/1.1" 200 75
INFO 2026-04-28 10:05:40,577 basehttp 74591 140316157171392 "GET /api/ui-automation/operation-records/?limit=10 HTTP/1.1" 200 52
INFO 2026-04-28 10:05:56,636 basehttp 74591 140316157171392 "GET /api/testcases/?page=1&page_size=15&search&project&priority HTTP/1.1" 200 52
INFO 2026-04-28 10:05:56,636 basehttp 74591 140316157171392 "GET /api/testcases/?page=1&page_size=15&search&project&priority HTTP/1.1" 200 52
INFO 2026-04-28 10:05:56,655 basehttp 74591 140316157171392 "GET /api/projects/ HTTP/1.1" 200 52
INFO 2026-04-28 10:05:56,655 basehttp 74591 140316157171392 "GET /api/projects/ HTTP/1.1" 200 52
INFO 2026-04-28 10:05:58,226 basehttp 74591 140316157171392 "GET /api/requirement-analysis/config/check/ HTTP/1.1" 200 612
INFO 2026-04-28 10:05:58,226 basehttp 74591 140316157171392 "GET /api/requirement-analysis/config/check/ HTTP/1.1" 200 612
INFO 2026-04-28 10:05:58,241 basehttp 74591 140316157171392 "GET /api/projects/ HTTP/1.1" 200 52
INFO 2026-04-28 10:05:58,241 basehttp 74591 140316157171392 "GET /api/projects/ HTTP/1.1" 200 52
INFO 2026-04-28 10:06:04,234 basehttp 74591 140316157171392 "GET /api/ui-automation/ai-execution-records/?page=1&page_size=20 HTTP/1.1" 200 52
INFO 2026-04-28 10:06:04,234 basehttp 74591 140316157171392 "GET /api/ui-automation/ai-execution-records/?page=1&page_size=20 HTTP/1.1" 200 52
INFO 2026-04-28 10:06:07,447 basehttp 74591 140316157171392 "GET /api/projects/ HTTP/1.1" 200 52
INFO 2026-04-28 10:06:07,447 basehttp 74591 140316157171392 "GET /api/projects/ HTTP/1.1" 200 52
INFO 2026-04-28 10:06:07,584 basehttp 74591 140316157171392 "GET /api/reports/reports/dashboard/ HTTP/1.1" 200 84
INFO 2026-04-28 10:06:07,584 basehttp 74591 140316157171392 "GET /api/reports/reports/dashboard/ HTTP/1.1" 200 84
INFO 2026-04-28 10:06:07,709 basehttp 74591 140316157171392 "GET /api/reports/reports/status_distribution/?days=7 HTTP/1.1" 200 59
INFO 2026-04-28 10:06:07,709 basehttp 74591 140316157171392 "GET /api/reports/reports/status_distribution/?days=7 HTTP/1.1" 200 59
INFO 2026-04-28 10:06:07,857 basehttp 74591 140316157171392 "GET /api/reports/reports/execution_trend/?days=7 HTTP/1.1" 200 225
INFO 2026-04-28 10:06:07,857 basehttp 74591 140316157171392 "GET /api/reports/reports/execution_trend/?days=7 HTTP/1.1" 200 225
INFO 2026-04-28 10:06:07,998 basehttp 74591 140316157171392 "GET /api/reports/reports/defect_distribution/?days=7 HTTP/1.1" 200 2
INFO 2026-04-28 10:06:07,998 basehttp 74591 140316157171392 "GET /api/reports/reports/defect_distribution/?days=7 HTTP/1.1" 200 2
INFO 2026-04-28 10:06:08,129 basehttp 74591 140316157171392 "GET /api/reports/reports/failed_cases_top/?days=7 HTTP/1.1" 200 2
INFO 2026-04-28 10:06:08,129 basehttp 74591 140316157171392 "GET /api/reports/reports/failed_cases_top/?days=7 HTTP/1.1" 200 2
INFO 2026-04-28 10:06:08,261 basehttp 74591 140316157171392 "GET /api/reports/reports/ai_efficiency/?days=7 HTTP/1.1" 200 97
INFO 2026-04-28 10:06:08,261 basehttp 74591 140316157171392 "GET /api/reports/reports/ai_efficiency/?days=7 HTTP/1.1" 200 97
INFO 2026-04-28 10:06:08,399 basehttp 74591 140316157171392 "GET /api/reports/reports/team_workload/?days=7 HTTP/1.1" 200 2
INFO 2026-04-28 10:06:08,399 basehttp 74591 140316157171392 "GET /api/reports/reports/team_workload/?days=7 HTTP/1.1" 200 2
INFO 2026-04-28 10:06:09,923 basehttp 74591 140316157171392 "GET /api/explorations/features/ HTTP/1.1" 200 52
INFO 2026-04-28 10:06:09,923 basehttp 74591 140316157171392 "GET /api/explorations/features/ HTTP/1.1" 200 52
INFO 2026-04-28 10:06:11,515 basehttp 74591 140316157171392 "GET /api/projects/ HTTP/1.1" 200 52
INFO 2026-04-28 10:06:11,515 basehttp 74591 140316157171392 "GET /api/projects/ HTTP/1.1" 200 52
INFO 2026-04-28 10:06:11,650 basehttp 74591 140316141422272 "GET /api/reports/reports/status_distribution/?days=7 HTTP/1.1" 200 59
INFO 2026-04-28 10:06:11,650 basehttp 74591 140316141422272 "GET /api/reports/reports/status_distribution/?days=7 HTTP/1.1" 200 59
INFO 2026-04-28 10:06:11,655 basehttp 74591 140316157171392 "GET /api/reports/reports/dashboard/ HTTP/1.1" 200 84
INFO 2026-04-28 10:06:11,655 basehttp 74591 140316157171392 "GET /api/reports/reports/dashboard/ HTTP/1.1" 200 84
INFO 2026-04-28 10:06:11,785 basehttp 74591 140316157171392 "GET /api/reports/reports/execution_trend/?days=7 HTTP/1.1" 200 225
INFO 2026-04-28 10:06:11,785 basehttp 74591 140316157171392 "GET /api/reports/reports/execution_trend/?days=7 HTTP/1.1" 200 225
INFO 2026-04-28 10:06:11,919 basehttp 74591 140316157171392 "GET /api/reports/reports/defect_distribution/?days=7 HTTP/1.1" 200 2
INFO 2026-04-28 10:06:11,919 basehttp 74591 140316157171392 "GET /api/reports/reports/defect_distribution/?days=7 HTTP/1.1" 200 2
INFO 2026-04-28 10:06:12,050 basehttp 74591 140316157171392 "GET /api/reports/reports/failed_cases_top/?days=7 HTTP/1.1" 200 2
INFO 2026-04-28 10:06:12,050 basehttp 74591 140316157171392 "GET /api/reports/reports/failed_cases_top/?days=7 HTTP/1.1" 200 2
INFO 2026-04-28 10:06:12,183 basehttp 74591 140316157171392 "GET /api/reports/reports/ai_efficiency/?days=7 HTTP/1.1" 200 97
INFO 2026-04-28 10:06:12,183 basehttp 74591 140316157171392 "GET /api/reports/reports/ai_efficiency/?days=7 HTTP/1.1" 200 97
INFO 2026-04-28 10:06:12,319 basehttp 74591 140316157171392 "GET /api/reports/reports/team_workload/?days=7 HTTP/1.1" 200 2
INFO 2026-04-28 10:06:12,319 basehttp 74591 140316157171392 "GET /api/reports/reports/team_workload/?days=7 HTTP/1.1" 200 2
INFO 2026-04-28 10:06:12,577 basehttp 74591 140316157171392 "GET /api/projects/ HTTP/1.1" 200 52
INFO 2026-04-28 10:06:12,577 basehttp 74591 140316157171392 "GET /api/projects/ HTTP/1.1" 200 52
INFO 2026-04-28 10:06:12,579 basehttp 74591 140316141422272 "GET /api/explorations/runs/ HTTP/1.1" 200 4679
INFO 2026-04-28 10:06:12,579 basehttp 74591 140316141422272 "GET /api/explorations/runs/ HTTP/1.1" 200 4679
INFO 2026-04-28 10:06:15,566 basehttp 74591 140316141422272 "GET /api/explorations/runs/ HTTP/1.1" 200 4679
INFO 2026-04-28 10:06:15,566 basehttp 74591 140316141422272 "GET /api/explorations/runs/ HTTP/1.1" 200 4679
INFO 2026-04-28 10:06:18,564 basehttp 74591 140316141422272 "GET /api/explorations/runs/ HTTP/1.1" 200 4679
INFO 2026-04-28 10:06:18,564 basehttp 74591 140316141422272 "GET /api/explorations/runs/ HTTP/1.1" 200 4679
INFO 2026-04-28 10:06:21,576 basehttp 74591 140316141422272 "GET /api/explorations/runs/ HTTP/1.1" 200 4679
INFO 2026-04-28 10:06:21,576 basehttp 74591 140316141422272 "GET /api/explorations/runs/ HTTP/1.1" 200 4679
INFO 2026-04-28 10:08:24,007 basehttp 74591 140316141422272 "GET /api/projects/?page=1&search&status HTTP/1.1" 200 52
INFO 2026-04-28 10:08:24,007 basehttp 74591 140316141422272 "GET /api/projects/?page=1&search&status HTTP/1.1" 200 52
INFO 2026-04-28 10:08:30,159 basehttp 74591 140316141422272 "POST /api/projects/ HTTP/1.1" 201 64
INFO 2026-04-28 10:08:30,159 basehttp 74591 140316141422272 "POST /api/projects/ HTTP/1.1" 201 64
INFO 2026-04-28 10:08:30,301 basehttp 74591 140316141422272 "GET /api/projects/?page=1&search&status HTTP/1.1" 200 568
INFO 2026-04-28 10:08:30,301 basehttp 74591 140316141422272 "GET /api/projects/?page=1&search&status HTTP/1.1" 200 568
INFO 2026-04-28 10:08:32,779 basehttp 74591 140316157171392 "GET /api/projects/ HTTP/1.1" 200 568
INFO 2026-04-28 10:08:32,779 basehttp 74591 140316157171392 "GET /api/projects/ HTTP/1.1" 200 568
INFO 2026-04-28 10:08:32,781 basehttp 74591 140316141422272 "GET /api/requirement-analysis/config/check/ HTTP/1.1" 200 612
INFO 2026-04-28 10:08:32,781 basehttp 74591 140316141422272 "GET /api/requirement-analysis/config/check/ HTTP/1.1" 200 612
INFO 2026-04-28 10:08:36,072 basehttp 74591 140316157171392 "GET /api/testcases/?page=1&page_size=15&search&project&priority HTTP/1.1" 200 52
INFO 2026-04-28 10:08:36,072 basehttp 74591 140316157171392 "GET /api/testcases/?page=1&page_size=15&search&project&priority HTTP/1.1" 200 52
INFO 2026-04-28 10:08:36,075 basehttp 74591 140316141422272 "GET /api/projects/ HTTP/1.1" 200 568
INFO 2026-04-28 10:08:36,075 basehttp 74591 140316141422272 "GET /api/projects/ HTTP/1.1" 200 568
INFO 2026-04-28 10:08:38,224 basehttp 74591 140316141422272 "GET /api/projects/ HTTP/1.1" 200 568
INFO 2026-04-28 10:08:38,224 basehttp 74591 140316141422272 "GET /api/projects/ HTTP/1.1" 200 568
INFO 2026-04-28 10:08:38,255 basehttp 74591 140316141422272 "GET /api/testcases/?page=1&page_size=15&search&project&priority HTTP/1.1" 200 52
INFO 2026-04-28 10:08:38,255 basehttp 74591 140316141422272 "GET /api/testcases/?page=1&page_size=15&search&project&priority HTTP/1.1" 200 52
INFO 2026-04-28 10:08:40,225 basehttp 74591 140316157171392 "GET /api/projects/ HTTP/1.1" 200 568
INFO 2026-04-28 10:08:40,225 basehttp 74591 140316157171392 "GET /api/projects/ HTTP/1.1" 200 568
INFO 2026-04-28 10:08:40,226 basehttp 74591 140316141422272 "GET /api/requirement-analysis/config/check/ HTTP/1.1" 200 612
INFO 2026-04-28 10:08:40,226 basehttp 74591 140316141422272 "GET /api/requirement-analysis/config/check/ HTTP/1.1" 200 612
INFO 2026-04-28 10:08:45,937 basehttp 74591 140316141422272 "GET /api/ui-automation/ai-execution-records/?page=1&page_size=20 HTTP/1.1" 200 52
INFO 2026-04-28 10:08:45,937 basehttp 74591 140316141422272 "GET /api/ui-automation/ai-execution-records/?page=1&page_size=20 HTTP/1.1" 200 52
INFO 2026-04-28 10:08:47,431 basehttp 74591 140316157171392 "GET /api/explorations/runs/ HTTP/1.1" 200 4679
INFO 2026-04-28 10:08:47,431 basehttp 74591 140316157171392 "GET /api/explorations/runs/ HTTP/1.1" 200 4679
INFO 2026-04-28 10:08:47,437 basehttp 74591 140316141422272 "GET /api/projects/ HTTP/1.1" 200 568
INFO 2026-04-28 10:08:47,437 basehttp 74591 140316141422272 "GET /api/projects/ HTTP/1.1" 200 568
INFO 2026-04-28 10:08:49,959 basehttp 74591 140316141422272 "POST /api/explorations/runs/ HTTP/1.1" 201 218
INFO 2026-04-28 10:08:49,959 basehttp 74591 140316141422272 "POST /api/explorations/runs/ HTTP/1.1" 201 218
INFO 2026-04-28 10:08:50,075 basehttp 74591 140316141422272 "GET /api/explorations/runs/ HTTP/1.1" 200 4928
INFO 2026-04-28 10:08:50,075 basehttp 74591 140316141422272 "GET /api/explorations/runs/ HTTP/1.1" 200 4928
INFO 2026-04-28 10:08:50,420 basehttp 74591 140316141422272 "GET /api/explorations/runs/ HTTP/1.1" 200 4928
INFO 2026-04-28 10:08:50,420 basehttp 74591 140316141422272 "GET /api/explorations/runs/ HTTP/1.1" 200 4928
INFO 2026-04-28 10:08:53,415 basehttp 74591 140316141422272 "GET /api/explorations/features/?run=2 HTTP/1.1" 200 52
INFO 2026-04-28 10:08:53,415 basehttp 74591 140316141422272 "GET /api/explorations/features/?run=2 HTTP/1.1" 200 52
INFO 2026-04-28 10:08:55,540 basehttp 74591 140316157171392 "GET /api/explorations/runs/ HTTP/1.1" 200 4928
INFO 2026-04-28 10:08:55,540 basehttp 74591 140316157171392 "GET /api/explorations/runs/ HTTP/1.1" 200 4928
INFO 2026-04-28 10:08:55,541 basehttp 74591 140316141422272 "GET /api/projects/ HTTP/1.1" 200 568
INFO 2026-04-28 10:08:55,541 basehttp 74591 140316141422272 "GET /api/projects/ HTTP/1.1" 200 568
INFO 2026-04-28 10:08:58,370 basehttp 74591 140316141422272 "GET /api/projects/ HTTP/1.1" 200 568
INFO 2026-04-28 10:08:58,370 basehttp 74591 140316141422272 "GET /api/projects/ HTTP/1.1" 200 568
INFO 2026-04-28 10:08:58,486 basehttp 74591 140316141422272 "GET /api/reports/reports/status_distribution/?days=7 HTTP/1.1" 200 59
INFO 2026-04-28 10:08:58,486 basehttp 74591 140316141422272 "GET /api/reports/reports/status_distribution/?days=7 HTTP/1.1" 200 59
INFO 2026-04-28 10:08:58,494 basehttp 74591 140316157171392 "GET /api/reports/reports/dashboard/ HTTP/1.1" 200 84
INFO 2026-04-28 10:08:58,494 basehttp 74591 140316157171392 "GET /api/reports/reports/dashboard/ HTTP/1.1" 200 84
INFO 2026-04-28 10:08:58,604 basehttp 74591 140316157171392 "GET /api/reports/reports/execution_trend/?days=7 HTTP/1.1" 200 225
INFO 2026-04-28 10:08:58,604 basehttp 74591 140316157171392 "GET /api/reports/reports/execution_trend/?days=7 HTTP/1.1" 200 225
INFO 2026-04-28 10:08:58,721 basehttp 74591 140316157171392 "GET /api/reports/reports/defect_distribution/?days=7 HTTP/1.1" 200 2
INFO 2026-04-28 10:08:58,721 basehttp 74591 140316157171392 "GET /api/reports/reports/defect_distribution/?days=7 HTTP/1.1" 200 2
INFO 2026-04-28 10:08:58,830 basehttp 74591 140316157171392 "GET /api/reports/reports/failed_cases_top/?days=7 HTTP/1.1" 200 2
INFO 2026-04-28 10:08:58,830 basehttp 74591 140316157171392 "GET /api/reports/reports/failed_cases_top/?days=7 HTTP/1.1" 200 2
INFO 2026-04-28 10:08:58,940 basehttp 74591 140316157171392 "GET /api/reports/reports/ai_efficiency/?days=7 HTTP/1.1" 200 97
INFO 2026-04-28 10:08:58,940 basehttp 74591 140316157171392 "GET /api/reports/reports/ai_efficiency/?days=7 HTTP/1.1" 200 97
INFO 2026-04-28 10:08:59,056 basehttp 74591 140316157171392 "GET /api/reports/reports/team_workload/?days=7 HTTP/1.1" 200 2
INFO 2026-04-28 10:08:59,056 basehttp 74591 140316157171392 "GET /api/reports/reports/team_workload/?days=7 HTTP/1.1" 200 2
INFO 2026-04-28 10:08:59,929 basehttp 74591 140316157171392 "GET /api/requirement-analysis/config/check/ HTTP/1.1" 200 612
INFO 2026-04-28 10:08:59,929 basehttp 74591 140316157171392 "GET /api/requirement-analysis/config/check/ HTTP/1.1" 200 612
INFO 2026-04-28 10:08:59,934 basehttp 74591 140316141422272 "GET /api/projects/ HTTP/1.1" 200 568
INFO 2026-04-28 10:08:59,934 basehttp 74591 140316141422272 "GET /api/projects/ HTTP/1.1" 200 568
INFO 2026-04-28 10:09:01,921 basehttp 74591 140316141422272 "GET /api/projects/?page=1&search&status HTTP/1.1" 200 568
INFO 2026-04-28 10:09:01,921 basehttp 74591 140316141422272 "GET /api/projects/?page=1&search&status HTTP/1.1" 200 568
INFO 2026-04-28 10:09:13,314 basehttp 74591 140316141422272 "GET /api/ui-automation/ai-execution-records/?page=1&page_size=20 HTTP/1.1" 200 52
INFO 2026-04-28 10:09:13,314 basehttp 74591 140316141422272 "GET /api/ui-automation/ai-execution-records/?page=1&page_size=20 HTTP/1.1" 200 52
INFO 2026-04-28 10:09:13,801 basehttp 74591 140316141422272 "GET /api/projects/ HTTP/1.1" 200 568
INFO 2026-04-28 10:09:13,801 basehttp 74591 140316141422272 "GET /api/projects/ HTTP/1.1" 200 568
INFO 2026-04-28 10:09:13,917 basehttp 74591 140316141422272 "GET /api/reports/reports/dashboard/ HTTP/1.1" 200 84
INFO 2026-04-28 10:09:13,917 basehttp 74591 140316141422272 "GET /api/reports/reports/dashboard/ HTTP/1.1" 200 84
INFO 2026-04-28 10:09:14,025 basehttp 74591 140316141422272 "GET /api/reports/reports/status_distribution/?days=7 HTTP/1.1" 200 59
INFO 2026-04-28 10:09:14,025 basehttp 74591 140316141422272 "GET /api/reports/reports/status_distribution/?days=7 HTTP/1.1" 200 59
INFO 2026-04-28 10:09:14,139 basehttp 74591 140316141422272 "GET /api/reports/reports/execution_trend/?days=7 HTTP/1.1" 200 225
INFO 2026-04-28 10:09:14,139 basehttp 74591 140316141422272 "GET /api/reports/reports/execution_trend/?days=7 HTTP/1.1" 200 225
INFO 2026-04-28 10:09:14,253 basehttp 74591 140316141422272 "GET /api/reports/reports/defect_distribution/?days=7 HTTP/1.1" 200 2
INFO 2026-04-28 10:09:14,253 basehttp 74591 140316141422272 "GET /api/reports/reports/defect_distribution/?days=7 HTTP/1.1" 200 2
INFO 2026-04-28 10:09:14,359 basehttp 74591 140316141422272 "GET /api/explorations/runs/ HTTP/1.1" 200 4928
INFO 2026-04-28 10:09:14,359 basehttp 74591 140316141422272 "GET /api/explorations/runs/ HTTP/1.1" 200 4928
INFO 2026-04-28 10:09:14,383 basehttp 74591 140316141422272 "GET /api/projects/ HTTP/1.1" 200 568
INFO 2026-04-28 10:09:14,383 basehttp 74591 140316141422272 "GET /api/projects/ HTTP/1.1" 200 568
INFO 2026-04-28 10:09:14,488 basehttp 74591 140316141422272 "GET /api/reports/reports/failed_cases_top/?days=7 HTTP/1.1" 200 2
INFO 2026-04-28 10:09:14,488 basehttp 74591 140316141422272 "GET /api/reports/reports/failed_cases_top/?days=7 HTTP/1.1" 200 2
INFO 2026-04-28 10:09:14,598 basehttp 74591 140316141422272 "GET /api/reports/reports/ai_efficiency/?days=7 HTTP/1.1" 200 97
INFO 2026-04-28 10:09:14,598 basehttp 74591 140316141422272 "GET /api/reports/reports/ai_efficiency/?days=7 HTTP/1.1" 200 97
INFO 2026-04-28 10:09:14,709 basehttp 74591 140316141422272 "GET /api/reports/reports/team_workload/?days=7 HTTP/1.1" 200 2
INFO 2026-04-28 10:09:14,709 basehttp 74591 140316141422272 "GET /api/reports/reports/team_workload/?days=7 HTTP/1.1" 200 2
INFO 2026-04-28 10:09:17,377 basehttp 74591 140316141422272 "GET /api/explorations/runs/ HTTP/1.1" 200 4928
INFO 2026-04-28 10:09:17,377 basehttp 74591 140316141422272 "GET /api/explorations/runs/ HTTP/1.1" 200 4928
INFO 2026-04-28 10:09:20,368 basehttp 74591 140316141422272 "GET /api/explorations/runs/ HTTP/1.1" 200 4928
INFO 2026-04-28 10:09:20,368 basehttp 74591 140316141422272 "GET /api/explorations/runs/ HTTP/1.1" 200 4928
INFO 2026-04-28 10:09:21,072 basehttp 74591 140316141422272 "GET /api/projects/?page=1&search&status HTTP/1.1" 200 568
INFO 2026-04-28 10:09:21,072 basehttp 74591 140316141422272 "GET /api/projects/?page=1&search&status HTTP/1.1" 200 568
INFO 2026-04-28 10:09:22,846 basehttp 74591 140316141422272 "GET /api/testcases/?page=1&page_size=15&search&project&priority HTTP/1.1" 200 52
INFO 2026-04-28 10:09:22,846 basehttp 74591 140316141422272 "GET /api/testcases/?page=1&page_size=15&search&project&priority HTTP/1.1" 200 52
INFO 2026-04-28 10:09:22,867 basehttp 74591 140316141422272 "GET /api/projects/ HTTP/1.1" 200 568
INFO 2026-04-28 10:09:22,867 basehttp 74591 140316141422272 "GET /api/projects/ HTTP/1.1" 200 568
INFO 2026-04-28 10:09:24,480 basehttp 74591 140316141422272 "GET /api/ui-automation/ai-execution-records/?page=1&page_size=20 HTTP/1.1" 200 52
INFO 2026-04-28 10:09:24,480 basehttp 74591 140316141422272 "GET /api/ui-automation/ai-execution-records/?page=1&page_size=20 HTTP/1.1" 200 52
INFO 2026-04-28 10:09:25,070 basehttp 74591 140316141422272 "GET /api/projects/ HTTP/1.1" 200 568
INFO 2026-04-28 10:09:25,070 basehttp 74591 140316141422272 "GET /api/projects/ HTTP/1.1" 200 568
INFO 2026-04-28 10:09:25,185 basehttp 74591 140316141422272 "GET /api/reports/reports/dashboard/ HTTP/1.1" 200 84
INFO 2026-04-28 10:09:25,185 basehttp 74591 140316141422272 "GET /api/reports/reports/dashboard/ HTTP/1.1" 200 84
INFO 2026-04-28 10:09:25,203 basehttp 74591 140316141422272 "GET /api/reports/reports/status_distribution/?days=7 HTTP/1.1" 200 59
INFO 2026-04-28 10:09:25,203 basehttp 74591 140316141422272 "GET /api/reports/reports/status_distribution/?days=7 HTTP/1.1" 200 59
INFO 2026-04-28 10:09:25,292 basehttp 74591 140316141422272 "GET /api/reports/reports/execution_trend/?days=7 HTTP/1.1" 200 225
INFO 2026-04-28 10:09:25,292 basehttp 74591 140316141422272 "GET /api/reports/reports/execution_trend/?days=7 HTTP/1.1" 200 225
INFO 2026-04-28 10:09:25,402 basehttp 74591 140316141422272 "GET /api/reports/reports/defect_distribution/?days=7 HTTP/1.1" 200 2
INFO 2026-04-28 10:09:25,402 basehttp 74591 140316141422272 "GET /api/reports/reports/defect_distribution/?days=7 HTTP/1.1" 200 2
INFO 2026-04-28 10:09:25,517 basehttp 74591 140316141422272 "GET /api/reports/reports/failed_cases_top/?days=7 HTTP/1.1" 200 2
INFO 2026-04-28 10:09:25,517 basehttp 74591 140316141422272 "GET /api/reports/reports/failed_cases_top/?days=7 HTTP/1.1" 200 2
INFO 2026-04-28 10:09:25,629 basehttp 74591 140316141422272 "GET /api/reports/reports/ai_efficiency/?days=7 HTTP/1.1" 200 97
INFO 2026-04-28 10:09:25,629 basehttp 74591 140316141422272 "GET /api/reports/reports/ai_efficiency/?days=7 HTTP/1.1" 200 97
INFO 2026-04-28 10:09:25,741 basehttp 74591 140316141422272 "GET /api/reports/reports/team_workload/?days=7 HTTP/1.1" 200 2
INFO 2026-04-28 10:09:25,741 basehttp 74591 140316141422272 "GET /api/reports/reports/team_workload/?days=7 HTTP/1.1" 200 2
INFO 2026-04-28 10:09:27,226 basehttp 74591 140316141422272 "GET /api/projects/ HTTP/1.1" 200 568
INFO 2026-04-28 10:09:27,226 basehttp 74591 140316141422272 "GET /api/projects/ HTTP/1.1" 200 568
INFO 2026-04-28 10:09:27,247 basehttp 74591 140316141422272 "GET /api/explorations/runs/ HTTP/1.1" 200 5091
INFO 2026-04-28 10:09:27,247 basehttp 74591 140316141422272 "GET /api/explorations/runs/ HTTP/1.1" 200 5091
INFO 2026-04-28 10:09:27,747 basehttp 74591 140316141422272 "GET /api/explorations/features/ HTTP/1.1" 200 52
INFO 2026-04-28 10:09:27,747 basehttp 74591 140316141422272 "GET /api/explorations/features/ HTTP/1.1" 200 52
INFO 2026-04-28 10:10:15,163 basehttp 74591 140316141422272 "GET /api/explorations/features/ HTTP/1.1" 200 52
INFO 2026-04-28 10:10:15,163 basehttp 74591 140316141422272 "GET /api/explorations/features/ HTTP/1.1" 200 52
INFO 2026-04-28 10:10:35,013 basehttp 74591 140316141422272 "GET /api/projects/?page=1&search&status HTTP/1.1" 200 568
INFO 2026-04-28 10:10:35,013 basehttp 74591 140316141422272 "GET /api/projects/?page=1&search&status HTTP/1.1" 200 568
INFO 2026-04-28 10:10:53,268 autoreload 74591 140316399328128 /workspace/backend/urls.py changed, reloading.
INFO 2026-04-28 10:10:53,268 autoreload 74591 140316399328128 /workspace/backend/urls.py changed, reloading.
INFO 2026-04-28 10:10:54,437 autoreload 90839 140105102642048 Watching for file changes with StatReloader
INFO 2026-04-28 10:10:54,437 autoreload 90839 140105102642048 Watching for file changes with StatReloader
INFO 2026-04-28 10:12:18,393 autoreload 90839 140105102642048 /workspace/backend/settings.py changed, reloading.
INFO 2026-04-28 10:12:18,393 autoreload 90839 140105102642048 /workspace/backend/settings.py changed, reloading.
INFO 2026-04-28 10:12:19,321 autoreload 95827 140230465981312 Watching for file changes with StatReloader
INFO 2026-04-28 10:12:19,321 autoreload 95827 140230465981312 Watching for file changes with StatReloader
INFO 2026-04-28 10:39:42,365 autoreload 141440 140081053178752 Watching for file changes with StatReloader
INFO 2026-04-28 10:39:42,365 autoreload 141440 140081053178752 Watching for file changes with StatReloader
WARNING 2026-04-28 10:39:54,072 log 141440 140080808986304 Bad Request: /api/auth/login/
WARNING 2026-04-28 10:39:54,072 log 141440 140080808986304 Bad Request: /api/auth/login/
WARNING 2026-04-28 10:39:54,073 basehttp 141440 140080808986304 "POST /api/auth/login/ HTTP/1.1" 400 49
WARNING 2026-04-28 10:39:54,073 basehttp 141440 140080808986304 "POST /api/auth/login/ HTTP/1.1" 400 49
INFO 2026-04-28 10:40:06,138 basehttp 141440 140080808986304 "POST /api/auth/login/ HTTP/1.1" 200 831
INFO 2026-04-28 10:40:06,138 basehttp 141440 140080808986304 "POST /api/auth/login/ HTTP/1.1" 200 831
INFO 2026-04-28 10:44:04,284 basehttp 141440 140080808986304 "GET /api/projects/?page=1&search&status HTTP/1.1" 200 568
INFO 2026-04-28 10:44:04,284 basehttp 141440 140080808986304 "GET /api/projects/?page=1&search&status HTTP/1.1" 200 568
INFO 2026-04-28 10:44:23,991 basehttp 141440 140080808986304 "GET /api/projects/?page=1&search&status HTTP/1.1" 200 568
INFO 2026-04-28 10:44:23,991 basehttp 141440 140080808986304 "GET /api/projects/?page=1&search&status HTTP/1.1" 200 568
INFO 2026-04-28 10:45:26,955 basehttp 141440 140080808986304 "GET /api/projects/?page=1&search&status HTTP/1.1" 200 568
INFO 2026-04-28 10:45:26,955 basehttp 141440 140080808986304 "GET /api/projects/?page=1&search&status HTTP/1.1" 200 568
INFO 2026-04-28 10:45:28,968 basehttp 141440 140080808986304 "GET /api/explorations/runs/ HTTP/1.1" 200 5091
INFO 2026-04-28 10:45:28,968 basehttp 141440 140080808986304 "GET /api/explorations/runs/ HTTP/1.1" 200 5091
INFO 2026-04-28 10:45:28,969 basehttp 141440 140080798496448 "GET /api/projects/ HTTP/1.1" 200 568
INFO 2026-04-28 10:45:28,969 basehttp 141440 140080798496448 "GET /api/projects/ HTTP/1.1" 200 568
INFO 2026-04-28 10:45:31,955 basehttp 141440 140080798496448 "GET /api/explorations/runs/ HTTP/1.1" 200 5091
INFO 2026-04-28 10:45:31,955 basehttp 141440 140080798496448 "GET /api/explorations/runs/ HTTP/1.1" 200 5091
INFO 2026-04-28 10:45:34,969 basehttp 141440 140080798496448 "GET /api/explorations/runs/ HTTP/1.1" 200 5091
INFO 2026-04-28 10:45:34,969 basehttp 141440 140080798496448 "GET /api/explorations/runs/ HTTP/1.1" 200 5091
INFO 2026-04-28 10:45:37,751 basehttp 141440 140080798496448 "GET /api/projects/?page=1&search&status HTTP/1.1" 200 568
INFO 2026-04-28 10:45:37,751 basehttp 141440 140080798496448 "GET /api/projects/?page=1&search&status HTTP/1.1" 200 568
INFO 2026-04-28 10:45:42,960 basehttp 141440 140080798496448 "GET /api/explorations/features/ HTTP/1.1" 200 52
INFO 2026-04-28 10:45:42,960 basehttp 141440 140080798496448 "GET /api/explorations/features/ HTTP/1.1" 200 52
INFO 2026-04-28 10:45:48,363 basehttp 141440 140080798496448 "GET /api/explorations/features/ HTTP/1.1" 200 52
INFO 2026-04-28 10:45:48,363 basehttp 141440 140080798496448 "GET /api/explorations/features/ HTTP/1.1" 200 52
INFO 2026-04-28 10:45:54,249 basehttp 141440 140080798496448 "GET /api/requirement-analysis/config/check/ HTTP/1.1" 200 612
INFO 2026-04-28 10:45:54,249 basehttp 141440 140080798496448 "GET /api/requirement-analysis/config/check/ HTTP/1.1" 200 612
INFO 2026-04-28 10:45:54,250 basehttp 141440 140080808986304 "GET /api/projects/ HTTP/1.1" 200 568
INFO 2026-04-28 10:45:54,250 basehttp 141440 140080808986304 "GET /api/projects/ HTTP/1.1" 200 568
INFO 2026-04-28 10:52:28,508 basehttp 141440 140080808986304 "GET /api/projects/?page=1&search&status HTTP/1.1" 200 568
INFO 2026-04-28 10:52:28,508 basehttp 141440 140080808986304 "GET /api/projects/?page=1&search&status HTTP/1.1" 200 568
INFO 2026-04-28 10:55:23,024 basehttp 141440 140080808986304 "GET /api/projects/ HTTP/1.1" 200 568
INFO 2026-04-28 10:55:23,024 basehttp 141440 140080808986304 "GET /api/projects/ HTTP/1.1" 200 568
INFO 2026-04-28 10:55:23,140 basehttp 141440 140080808986304 "GET /api/explorations/runs/ HTTP/1.1" 200 5091
INFO 2026-04-28 10:55:23,140 basehttp 141440 140080808986304 "GET /api/explorations/runs/ HTTP/1.1" 200 5091
INFO 2026-04-28 10:55:26,026 basehttp 141440 140080808986304 "GET /api/explorations/runs/ HTTP/1.1" 200 5091
INFO 2026-04-28 10:55:26,026 basehttp 141440 140080808986304 "GET /api/explorations/runs/ HTTP/1.1" 200 5091
INFO 2026-04-28 10:55:29,015 basehttp 141440 140080808986304 "GET /api/explorations/runs/ HTTP/1.1" 200 5091
INFO 2026-04-28 10:55:29,015 basehttp 141440 140080808986304 "GET /api/explorations/runs/ HTTP/1.1" 200 5091
INFO 2026-04-28 10:55:32,016 basehttp 141440 140080808986304 "GET /api/explorations/runs/ HTTP/1.1" 200 5091
INFO 2026-04-28 10:55:32,016 basehttp 141440 140080808986304 "GET /api/explorations/runs/ HTTP/1.1" 200 5091
INFO 2026-04-28 10:55:35,044 basehttp 141440 140080808986304 "GET /api/explorations/runs/ HTTP/1.1" 200 5091
INFO 2026-04-28 10:55:35,044 basehttp 141440 140080808986304 "GET /api/explorations/runs/ HTTP/1.1" 200 5091
INFO 2026-04-28 10:55:38,018 basehttp 141440 140080808986304 "GET /api/explorations/runs/ HTTP/1.1" 200 5091
INFO 2026-04-28 10:55:38,018 basehttp 141440 140080808986304 "GET /api/explorations/runs/ HTTP/1.1" 200 5091
WARNING 2026-04-28 10:55:39,186 log 141440 140080808986304 Not Found: /api/ui-automation/ai-models/
WARNING 2026-04-28 10:55:39,186 log 141440 140080808986304 Not Found: /api/ui-automation/ai-models/
WARNING 2026-04-28 10:55:39,186 basehttp 141440 140080808986304 "GET /api/ui-automation/ai-models/ HTTP/1.1" 404 4394
WARNING 2026-04-28 10:55:39,186 basehttp 141440 140080808986304 "GET /api/ui-automation/ai-models/ HTTP/1.1" 404 4394
WARNING 2026-04-28 10:55:43,061 log 141440 140080808986304 Not Found: /api/ui-automation/config/environment/check_environment/
WARNING 2026-04-28 10:55:43,061 log 141440 140080808986304 Not Found: /api/ui-automation/config/environment/check_environment/
WARNING 2026-04-28 10:55:43,061 basehttp 141440 140080808986304 "GET /api/ui-automation/config/environment/check_environment/ HTTP/1.1" 404 4475
WARNING 2026-04-28 10:55:43,061 basehttp 141440 140080808986304 "GET /api/ui-automation/config/environment/check_environment/ HTTP/1.1" 404 4475
WARNING 2026-04-28 10:55:48,221 log 141440 140080808986304 Not Found: /api/assistant/config/dify/
WARNING 2026-04-28 10:55:48,221 log 141440 140080808986304 Not Found: /api/assistant/config/dify/
WARNING 2026-04-28 10:55:48,222 basehttp 141440 140080808986304 "GET /api/assistant/config/dify/ HTTP/1.1" 404 38
WARNING 2026-04-28 10:55:48,222 basehttp 141440 140080808986304 "GET /api/assistant/config/dify/ HTTP/1.1" 404 38
WARNING 2026-04-28 10:55:49,199 log 141440 140080808986304 Not Found: /api/ui-automation/ai-models/
WARNING 2026-04-28 10:55:49,199 log 141440 140080808986304 Not Found: /api/ui-automation/ai-models/
WARNING 2026-04-28 10:55:49,199 basehttp 141440 140080808986304 "GET /api/ui-automation/ai-models/ HTTP/1.1" 404 4394
WARNING 2026-04-28 10:55:49,199 basehttp 141440 140080808986304 "GET /api/ui-automation/ai-models/ HTTP/1.1" 404 4394
INFO 2026-04-28 10:55:53,213 basehttp 141440 140080808986304 "GET /api/projects/?page=1&search&status HTTP/1.1" 200 568
INFO 2026-04-28 10:55:53,213 basehttp 141440 140080808986304 "GET /api/projects/?page=1&search&status HTTP/1.1" 200 568
INFO 2026-04-28 10:55:59,428 basehttp 141440 140080808986304 "GET /api/projects/?page=1&search&status HTTP/1.1" 200 568
INFO 2026-04-28 10:55:59,428 basehttp 141440 140080808986304 "GET /api/projects/?page=1&search&status HTTP/1.1" 200 568
INFO 2026-04-28 10:56:07,053 basehttp 141440 140080808986304 "GET /api/explorations/features/ HTTP/1.1" 200 52
INFO 2026-04-28 10:56:07,053 basehttp 141440 140080808986304 "GET /api/explorations/features/ HTTP/1.1" 200 52
INFO 2026-04-28 10:56:07,517 basehttp 141440 140080808986304 "GET /api/projects/ HTTP/1.1" 200 568
INFO 2026-04-28 10:56:07,517 basehttp 141440 140080808986304 "GET /api/projects/ HTTP/1.1" 200 568
INFO 2026-04-28 10:56:07,519 basehttp 141440 140080798496448 "GET /api/explorations/runs/ HTTP/1.1" 200 5091
INFO 2026-04-28 10:56:07,519 basehttp 141440 140080798496448 "GET /api/explorations/runs/ HTTP/1.1" 200 5091
INFO 2026-04-28 10:56:09,523 basehttp 141440 140080798496448 "GET /api/explorations/features/ HTTP/1.1" 200 52
INFO 2026-04-28 10:56:09,523 basehttp 141440 140080798496448 "GET /api/explorations/features/ HTTP/1.1" 200 52
INFO 2026-04-28 10:56:29,068 basehttp 141440 140080798496448 "GET /api/explorations/features/ HTTP/1.1" 200 52
INFO 2026-04-28 10:56:29,068 basehttp 141440 140080798496448 "GET /api/explorations/features/ HTTP/1.1" 200 52
INFO 2026-04-28 10:56:30,680 basehttp 141440 140080798496448 "GET /api/projects/ HTTP/1.1" 200 568
INFO 2026-04-28 10:56:30,680 basehttp 141440 140080798496448 "GET /api/projects/ HTTP/1.1" 200 568
INFO 2026-04-28 10:56:30,682 basehttp 141440 140080808986304 "GET /api/requirement-analysis/config/check/ HTTP/1.1" 200 612
INFO 2026-04-28 10:56:30,682 basehttp 141440 140080808986304 "GET /api/requirement-analysis/config/check/ HTTP/1.1" 200 612
INFO 2026-04-28 10:56:31,048 basehttp 141440 140080808986304 "GET /api/testcases/?page=1&page_size=15&search&project&priority HTTP/1.1" 200 52
INFO 2026-04-28 10:56:31,048 basehttp 141440 140080808986304 "GET /api/testcases/?page=1&page_size=15&search&project&priority HTTP/1.1" 200 52
INFO 2026-04-28 10:56:31,068 basehttp 141440 140080808986304 "GET /api/projects/ HTTP/1.1" 200 568
INFO 2026-04-28 10:56:31,068 basehttp 141440 140080808986304 "GET /api/projects/ HTTP/1.1" 200 568
INFO 2026-04-28 10:56:33,508 basehttp 141440 140080798496448 "GET /api/testcases/?page=1&page_size=15&search&project&priority HTTP/1.1" 200 52
INFO 2026-04-28 10:56:33,508 basehttp 141440 140080798496448 "GET /api/testcases/?page=1&page_size=15&search&project&priority HTTP/1.1" 200 52
INFO 2026-04-28 10:56:33,511 basehttp 141440 140080808986304 "GET /api/projects/ HTTP/1.1" 200 568
INFO 2026-04-28 10:56:33,511 basehttp 141440 140080808986304 "GET /api/projects/ HTTP/1.1" 200 568
INFO 2026-04-28 10:56:35,550 basehttp 141440 140080808986304 "GET /api/projects/list/ HTTP/1.1" 200 62
INFO 2026-04-28 10:56:35,550 basehttp 141440 140080808986304 "GET /api/projects/list/ HTTP/1.1" 200 62
INFO 2026-04-28 10:56:47,869 basehttp 141440 140080798496448 "GET /api/testcases/?page=1&page_size=15&search&project&priority HTTP/1.1" 200 52
INFO 2026-04-28 10:56:47,869 basehttp 141440 140080798496448 "GET /api/testcases/?page=1&page_size=15&search&project&priority HTTP/1.1" 200 52
INFO 2026-04-28 10:56:47,870 basehttp 141440 140080808986304 "GET /api/projects/ HTTP/1.1" 200 568
INFO 2026-04-28 10:56:47,870 basehttp 141440 140080808986304 "GET /api/projects/ HTTP/1.1" 200 568
INFO 2026-04-28 10:56:50,659 basehttp 141440 140080808986304 "GET /api/projects/ HTTP/1.1" 200 568
INFO 2026-04-28 10:56:50,659 basehttp 141440 140080808986304 "GET /api/projects/ HTTP/1.1" 200 568
INFO 2026-04-28 10:56:50,660 basehttp 141440 140080798496448 "GET /api/requirement-analysis/config/check/ HTTP/1.1" 200 612
INFO 2026-04-28 10:56:50,660 basehttp 141440 140080798496448 "GET /api/requirement-analysis/config/check/ HTTP/1.1" 200 612
INFO 2026-04-28 10:57:06,726 basehttp 141440 140080808986304 "GET /api/testcases/?page=1&page_size=15&search&project&priority HTTP/1.1" 200 52
INFO 2026-04-28 10:57:06,726 basehttp 141440 140080808986304 "GET /api/testcases/?page=1&page_size=15&search&project&priority HTTP/1.1" 200 52
INFO 2026-04-28 10:57:06,732 basehttp 141440 140080798496448 "GET /api/projects/ HTTP/1.1" 200 568
INFO 2026-04-28 10:57:06,732 basehttp 141440 140080798496448 "GET /api/projects/ HTTP/1.1" 200 568
INFO 2026-04-28 10:57:08,905 basehttp 141440 140080798496448 "GET /api/projects/?page=1&search&status HTTP/1.1" 200 568
INFO 2026-04-28 10:57:08,905 basehttp 141440 140080798496448 "GET /api/projects/?page=1&search&status HTTP/1.1" 200 568
INFO 2026-04-28 10:57:21,098 basehttp 141440 140080808986304 "GET /api/testcases/?page=1&page_size=15&search&project&priority HTTP/1.1" 200 52
INFO 2026-04-28 10:57:21,098 basehttp 141440 140080808986304 "GET /api/testcases/?page=1&page_size=15&search&project&priority HTTP/1.1" 200 52
INFO 2026-04-28 10:57:21,100 basehttp 141440 140080798496448 "GET /api/projects/ HTTP/1.1" 200 568
INFO 2026-04-28 10:57:21,100 basehttp 141440 140080798496448 "GET /api/projects/ HTTP/1.1" 200 568
INFO 2026-04-28 10:57:22,899 basehttp 141440 140080798496448 "GET /api/projects/ HTTP/1.1" 200 568
INFO 2026-04-28 10:57:22,899 basehttp 141440 140080798496448 "GET /api/projects/ HTTP/1.1" 200 568
INFO 2026-04-28 10:57:22,905 basehttp 141440 140080808986304 "GET /api/requirement-analysis/config/check/ HTTP/1.1" 200 612
INFO 2026-04-28 10:57:22,905 basehttp 141440 140080808986304 "GET /api/requirement-analysis/config/check/ HTTP/1.1" 200 612
INFO 2026-04-28 10:57:42,681 basehttp 141440 140080808986304 "GET /api/projects/?page=1&search&status HTTP/1.1" 200 568
INFO 2026-04-28 10:57:42,681 basehttp 141440 140080808986304 "GET /api/projects/?page=1&search&status HTTP/1.1" 200 568
INFO 2026-04-28 10:57:48,965 basehttp 141440 140080808986304 "GET /api/explorations/runs/ HTTP/1.1" 200 5091
INFO 2026-04-28 10:57:48,965 basehttp 141440 140080808986304 "GET /api/explorations/runs/ HTTP/1.1" 200 5091
INFO 2026-04-28 10:57:48,983 basehttp 141440 140080808986304 "GET /api/projects/ HTTP/1.1" 200 568
INFO 2026-04-28 10:57:48,983 basehttp 141440 140080808986304 "GET /api/projects/ HTTP/1.1" 200 568
INFO 2026-04-28 10:57:50,214 basehttp 141440 140080808986304 "GET /api/explorations/features/ HTTP/1.1" 200 52
INFO 2026-04-28 10:57:50,214 basehttp 141440 140080808986304 "GET /api/explorations/features/ HTTP/1.1" 200 52
INFO 2026-04-28 10:57:51,474 basehttp 141440 140080808986304 "GET /api/projects/?page=1&search&status HTTP/1.1" 200 568
INFO 2026-04-28 10:57:51,474 basehttp 141440 140080808986304 "GET /api/projects/?page=1&search&status HTTP/1.1" 200 568
INFO 2026-04-28 10:58:01,912 basehttp 141440 140080808986304 "GET /api/projects/ HTTP/1.1" 200 568
INFO 2026-04-28 10:58:01,912 basehttp 141440 140080808986304 "GET /api/projects/ HTTP/1.1" 200 568
INFO 2026-04-28 10:58:01,935 basehttp 141440 140080808986304 "GET /api/explorations/runs/ HTTP/1.1" 200 5091
INFO 2026-04-28 10:58:01,935 basehttp 141440 140080808986304 "GET /api/explorations/runs/ HTTP/1.1" 200 5091
INFO 2026-04-28 10:58:04,936 basehttp 141440 140080808986304 "GET /api/explorations/runs/ HTTP/1.1" 200 5091
INFO 2026-04-28 10:58:04,936 basehttp 141440 140080808986304 "GET /api/explorations/runs/ HTTP/1.1" 200 5091
INFO 2026-04-28 10:58:07,070 basehttp 141440 140080808986304 "GET /api/explorations/features/ HTTP/1.1" 200 52
INFO 2026-04-28 10:58:07,070 basehttp 141440 140080808986304 "GET /api/explorations/features/ HTTP/1.1" 200 52
INFO 2026-04-28 10:58:08,585 basehttp 141440 140080808986304 "GET /api/explorations/runs/ HTTP/1.1" 200 5091
INFO 2026-04-28 10:58:08,585 basehttp 141440 140080808986304 "GET /api/explorations/runs/ HTTP/1.1" 200 5091
INFO 2026-04-28 10:58:08,607 basehttp 141440 140080808986304 "GET /api/projects/ HTTP/1.1" 200 568
INFO 2026-04-28 10:58:08,607 basehttp 141440 140080808986304 "GET /api/projects/ HTTP/1.1" 200 568
INFO 2026-04-28 10:58:09,639 basehttp 141440 140080808986304 "GET /api/projects/?page=1&search&status HTTP/1.1" 200 568
INFO 2026-04-28 10:58:09,639 basehttp 141440 140080808986304 "GET /api/projects/?page=1&search&status HTTP/1.1" 200 568
INFO 2026-04-28 10:58:11,862 basehttp 141440 140080808986304 "GET /api/projects/ HTTP/1.1" 200 568
INFO 2026-04-28 10:58:11,862 basehttp 141440 140080808986304 "GET /api/projects/ HTTP/1.1" 200 568
INFO 2026-04-28 10:58:11,880 basehttp 141440 140080808986304 "GET /api/explorations/runs/ HTTP/1.1" 200 5091
INFO 2026-04-28 10:58:11,880 basehttp 141440 140080808986304 "GET /api/explorations/runs/ HTTP/1.1" 200 5091
INFO 2026-04-28 10:58:12,540 basehttp 141440 140080808986304 "GET /api/explorations/features/ HTTP/1.1" 200 52
INFO 2026-04-28 10:58:12,540 basehttp 141440 140080808986304 "GET /api/explorations/features/ HTTP/1.1" 200 52
INFO 2026-04-28 10:58:16,632 basehttp 141440 140080808986304 "GET /api/projects/ HTTP/1.1" 200 568
INFO 2026-04-28 10:58:16,632 basehttp 141440 140080808986304 "GET /api/projects/ HTTP/1.1" 200 568
INFO 2026-04-28 10:58:16,753 basehttp 141440 140080808986304 "GET /api/reports/reports/dashboard/ HTTP/1.1" 200 84
INFO 2026-04-28 10:58:16,753 basehttp 141440 140080808986304 "GET /api/reports/reports/dashboard/ HTTP/1.1" 200 84
INFO 2026-04-28 10:58:16,773 basehttp 141440 140080808986304 "GET /api/reports/reports/status_distribution/?days=7 HTTP/1.1" 200 59
INFO 2026-04-28 10:58:16,773 basehttp 141440 140080808986304 "GET /api/reports/reports/status_distribution/?days=7 HTTP/1.1" 200 59
INFO 2026-04-28 10:58:16,876 basehttp 141440 140080808986304 "GET /api/reports/reports/execution_trend/?days=7 HTTP/1.1" 200 225
INFO 2026-04-28 10:58:16,876 basehttp 141440 140080808986304 "GET /api/reports/reports/execution_trend/?days=7 HTTP/1.1" 200 225
INFO 2026-04-28 10:58:17,001 basehttp 141440 140080808986304 "GET /api/reports/reports/defect_distribution/?days=7 HTTP/1.1" 200 2
INFO 2026-04-28 10:58:17,001 basehttp 141440 140080808986304 "GET /api/reports/reports/defect_distribution/?days=7 HTTP/1.1" 200 2
INFO 2026-04-28 10:58:17,301 basehttp 141440 140080808986304 "GET /api/reports/reports/failed_cases_top/?days=7 HTTP/1.1" 200 2
INFO 2026-04-28 10:58:17,301 basehttp 141440 140080808986304 "GET /api/reports/reports/failed_cases_top/?days=7 HTTP/1.1" 200 2
INFO 2026-04-28 10:58:17,394 basehttp 141440 140080808986304 "GET /api/reports/reports/ai_efficiency/?days=7 HTTP/1.1" 200 97
INFO 2026-04-28 10:58:17,394 basehttp 141440 140080808986304 "GET /api/reports/reports/ai_efficiency/?days=7 HTTP/1.1" 200 97
INFO 2026-04-28 10:58:17,490 basehttp 141440 140080808986304 "GET /api/reports/reports/team_workload/?days=7 HTTP/1.1" 200 2
INFO 2026-04-28 10:58:17,490 basehttp 141440 140080808986304 "GET /api/reports/reports/team_workload/?days=7 HTTP/1.1" 200 2
INFO 2026-04-28 10:58:27,061 basehttp 141440 140080808986304 "GET /api/projects/?page=1&search&status HTTP/1.1" 200 568
INFO 2026-04-28 10:58:27,061 basehttp 141440 140080808986304 "GET /api/projects/?page=1&search&status HTTP/1.1" 200 568
INFO 2026-04-28 10:59:20,600 basehttp 141440 140080808986304 "GET /api/explorations/features/ HTTP/1.1" 200 52
INFO 2026-04-28 10:59:20,600 basehttp 141440 140080808986304 "GET /api/explorations/features/ HTTP/1.1" 200 52
INFO 2026-04-28 10:59:21,885 basehttp 141440 140080808986304 "GET /api/projects/ HTTP/1.1" 200 568
INFO 2026-04-28 10:59:21,885 basehttp 141440 140080808986304 "GET /api/projects/ HTTP/1.1" 200 568
INFO 2026-04-28 10:59:21,947 basehttp 141440 140080808986304 "GET /api/explorations/runs/ HTTP/1.1" 200 5091
INFO 2026-04-28 10:59:21,947 basehttp 141440 140080808986304 "GET /api/explorations/runs/ HTTP/1.1" 200 5091
INFO 2026-04-28 10:59:24,677 basehttp 141440 140080808986304 "GET /api/explorations/runs/ HTTP/1.1" 200 5091
INFO 2026-04-28 10:59:24,677 basehttp 141440 140080808986304 "GET /api/explorations/runs/ HTTP/1.1" 200 5091
INFO 2026-04-28 10:59:27,685 basehttp 141440 140080808986304 "GET /api/explorations/runs/ HTTP/1.1" 200 5091
INFO 2026-04-28 10:59:27,685 basehttp 141440 140080808986304 "GET /api/explorations/runs/ HTTP/1.1" 200 5091
INFO 2026-04-28 10:59:30,667 basehttp 141440 140080808986304 "GET /api/explorations/runs/ HTTP/1.1" 200 5091
INFO 2026-04-28 10:59:30,667 basehttp 141440 140080808986304 "GET /api/explorations/runs/ HTTP/1.1" 200 5091
INFO 2026-04-28 10:59:33,679 basehttp 141440 140080808986304 "GET /api/explorations/runs/ HTTP/1.1" 200 5091
INFO 2026-04-28 10:59:33,679 basehttp 141440 140080808986304 "GET /api/explorations/runs/ HTTP/1.1" 200 5091
INFO 2026-04-28 10:59:36,694 basehttp 141440 140080808986304 "GET /api/explorations/runs/ HTTP/1.1" 200 5091
INFO 2026-04-28 10:59:36,694 basehttp 141440 140080808986304 "GET /api/explorations/runs/ HTTP/1.1" 200 5091
INFO 2026-04-28 10:59:39,675 basehttp 141440 140080808986304 "GET /api/explorations/runs/ HTTP/1.1" 200 5091
INFO 2026-04-28 10:59:39,675 basehttp 141440 140080808986304 "GET /api/explorations/runs/ HTTP/1.1" 200 5091
INFO 2026-04-28 10:59:42,667 basehttp 141440 140080808986304 "GET /api/explorations/runs/ HTTP/1.1" 200 5091
INFO 2026-04-28 10:59:42,667 basehttp 141440 140080808986304 "GET /api/explorations/runs/ HTTP/1.1" 200 5091
INFO 2026-04-28 10:59:45,667 basehttp 141440 140080808986304 "GET /api/explorations/runs/ HTTP/1.1" 200 5091
INFO 2026-04-28 10:59:45,667 basehttp 141440 140080808986304 "GET /api/explorations/runs/ HTTP/1.1" 200 5091
INFO 2026-04-28 10:59:48,794 basehttp 141440 140080808986304 "GET /api/explorations/runs/ HTTP/1.1" 200 5091
INFO 2026-04-28 10:59:48,794 basehttp 141440 140080808986304 "GET /api/explorations/runs/ HTTP/1.1" 200 5091
INFO 2026-04-28 10:59:49,179 basehttp 141440 140080808986304 "GET /api/projects/ HTTP/1.1" 200 568
INFO 2026-04-28 10:59:49,179 basehttp 141440 140080808986304 "GET /api/projects/ HTTP/1.1" 200 568
INFO 2026-04-28 10:59:49,202 basehttp 141440 140080808986304 "GET /api/requirement-analysis/config/check/ HTTP/1.1" 200 612
INFO 2026-04-28 10:59:49,202 basehttp 141440 140080808986304 "GET /api/requirement-analysis/config/check/ HTTP/1.1" 200 612
INFO 2026-04-28 10:59:49,779 basehttp 141440 140080798496448 "GET /api/testcases/?page=1&page_size=15&search&project&priority HTTP/1.1" 200 52
INFO 2026-04-28 10:59:49,779 basehttp 141440 140080798496448 "GET /api/testcases/?page=1&page_size=15&search&project&priority HTTP/1.1" 200 52
INFO 2026-04-28 10:59:49,786 basehttp 141440 140080808986304 "GET /api/projects/ HTTP/1.1" 200 568
INFO 2026-04-28 10:59:49,786 basehttp 141440 140080808986304 "GET /api/projects/ HTTP/1.1" 200 568
INFO 2026-04-28 11:06:08,196 basehttp 141440 140080808986304 "POST /api/auth/token/refresh/ HTTP/1.1" 200 489
INFO 2026-04-28 11:06:08,196 basehttp 141440 140080808986304 "POST /api/auth/token/refresh/ HTTP/1.1" 200 489
INFO 2026-04-28 11:06:08,287 basehttp 141440 140080808986304 "GET /api/projects/?page=1&search&status HTTP/1.1" 200 568
INFO 2026-04-28 11:06:08,287 basehttp 141440 140080808986304 "GET /api/projects/?page=1&search&status HTTP/1.1" 200 568
INFO 2026-04-28 11:06:22,698 basehttp 141440 140080808986304 "GET /api/projects/ HTTP/1.1" 200 568
INFO 2026-04-28 11:06:22,698 basehttp 141440 140080808986304 "GET /api/projects/ HTTP/1.1" 200 568
INFO 2026-04-28 11:06:22,808 basehttp 141440 140080808986304 "GET /api/explorations/runs/ HTTP/1.1" 200 5091
INFO 2026-04-28 11:06:22,808 basehttp 141440 140080808986304 "GET /api/explorations/runs/ HTTP/1.1" 200 5091
INFO 2026-04-28 11:06:25,061 basehttp 141440 140080808986304 "GET /api/explorations/features/ HTTP/1.1" 200 52
INFO 2026-04-28 11:06:25,061 basehttp 141440 140080808986304 "GET /api/explorations/features/ HTTP/1.1" 200 52
INFO 2026-04-28 11:06:27,285 basehttp 141440 140080798496448 "GET /api/projects/ HTTP/1.1" 200 568
INFO 2026-04-28 11:06:27,285 basehttp 141440 140080798496448 "GET /api/projects/ HTTP/1.1" 200 568
INFO 2026-04-28 11:06:27,289 basehttp 141440 140080808986304 "GET /api/requirement-analysis/config/check/ HTTP/1.1" 200 612
INFO 2026-04-28 11:06:27,289 basehttp 141440 140080808986304 "GET /api/requirement-analysis/config/check/ HTTP/1.1" 200 612
INFO 2026-04-28 11:06:31,991 basehttp 141440 140080798496448 "GET /api/testcases/?page=1&page_size=15&search&project&priority HTTP/1.1" 200 52
INFO 2026-04-28 11:06:31,991 basehttp 141440 140080798496448 "GET /api/testcases/?page=1&page_size=15&search&project&priority HTTP/1.1" 200 52
INFO 2026-04-28 11:06:31,993 basehttp 141440 140080808986304 "GET /api/projects/ HTTP/1.1" 200 568
INFO 2026-04-28 11:06:31,993 basehttp 141440 140080808986304 "GET /api/projects/ HTTP/1.1" 200 568
WARNING 2026-04-28 11:06:34,840 log 141440 140080808986304 Unauthorized: /api/auth/token/refresh/
WARNING 2026-04-28 11:06:34,840 log 141440 140080808986304 Unauthorized: /api/auth/token/refresh/
WARNING 2026-04-28 11:06:34,840 basehttp 141440 140080808986304 "POST /api/auth/token/refresh/ HTTP/1.1" 401 65
WARNING 2026-04-28 11:06:34,840 basehttp 141440 140080808986304 "POST /api/auth/token/refresh/ HTTP/1.1" 401 65
WARNING 2026-04-28 11:06:34,947 log 141440 140080808986304 Unauthorized: /api/auth/token/refresh/
WARNING 2026-04-28 11:06:34,947 log 141440 140080808986304 Unauthorized: /api/auth/token/refresh/
WARNING 2026-04-28 11:06:34,948 basehttp 141440 140080808986304 "POST /api/auth/token/refresh/ HTTP/1.1" 401 65
WARNING 2026-04-28 11:06:34,948 basehttp 141440 140080808986304 "POST /api/auth/token/refresh/ HTTP/1.1" 401 65
WARNING 2026-04-28 11:06:38,569 log 141440 140080808986304 Not Found: /api/ui-automation/ai-execution-records/
WARNING 2026-04-28 11:06:38,569 log 141440 140080808986304 Not Found: /api/ui-automation/ai-execution-records/
WARNING 2026-04-28 11:06:38,569 basehttp 141440 140080808986304 "GET /api/ui-automation/ai-execution-records/?page=1&page_size=20 HTTP/1.1" 404 4451
WARNING 2026-04-28 11:06:38,569 basehttp 141440 140080808986304 "GET /api/ui-automation/ai-execution-records/?page=1&page_size=20 HTTP/1.1" 404 4451
INFO 2026-04-28 11:06:39,913 basehttp 141440 140080808986304 "GET /api/projects/ HTTP/1.1" 200 568
INFO 2026-04-28 11:06:39,913 basehttp 141440 140080808986304 "GET /api/projects/ HTTP/1.1" 200 568
INFO 2026-04-28 11:06:40,031 basehttp 141440 140080808986304 "GET /api/reports/reports/status_distribution/?days=7 HTTP/1.1" 200 59
INFO 2026-04-28 11:06:40,031 basehttp 141440 140080808986304 "GET /api/reports/reports/status_distribution/?days=7 HTTP/1.1" 200 59
INFO 2026-04-28 11:06:40,036 basehttp 141440 140080798496448 "GET /api/reports/reports/dashboard/ HTTP/1.1" 200 84
INFO 2026-04-28 11:06:40,036 basehttp 141440 140080798496448 "GET /api/reports/reports/dashboard/ HTTP/1.1" 200 84
INFO 2026-04-28 11:06:40,137 basehttp 141440 140080798496448 "GET /api/reports/reports/execution_trend/?days=7 HTTP/1.1" 200 225
INFO 2026-04-28 11:06:40,137 basehttp 141440 140080798496448 "GET /api/reports/reports/execution_trend/?days=7 HTTP/1.1" 200 225
INFO 2026-04-28 11:06:40,236 basehttp 141440 140080798496448 "GET /api/reports/reports/defect_distribution/?days=7 HTTP/1.1" 200 2
INFO 2026-04-28 11:06:40,236 basehttp 141440 140080798496448 "GET /api/reports/reports/defect_distribution/?days=7 HTTP/1.1" 200 2
INFO 2026-04-28 11:06:40,326 basehttp 141440 140080798496448 "GET /api/reports/reports/failed_cases_top/?days=7 HTTP/1.1" 200 2
INFO 2026-04-28 11:06:40,326 basehttp 141440 140080798496448 "GET /api/reports/reports/failed_cases_top/?days=7 HTTP/1.1" 200 2
INFO 2026-04-28 11:06:40,416 basehttp 141440 140080798496448 "GET /api/reports/reports/ai_efficiency/?days=7 HTTP/1.1" 200 97
INFO 2026-04-28 11:06:40,416 basehttp 141440 140080798496448 "GET /api/reports/reports/ai_efficiency/?days=7 HTTP/1.1" 200 97
INFO 2026-04-28 11:06:40,512 basehttp 141440 140080798496448 "GET /api/reports/reports/team_workload/?days=7 HTTP/1.1" 200 2
INFO 2026-04-28 11:06:40,512 basehttp 141440 140080798496448 "GET /api/reports/reports/team_workload/?days=7 HTTP/1.1" 200 2
INFO 2026-04-28 11:06:41,623 basehttp 141440 140080798496448 "GET /api/projects/?page=1&search&status HTTP/1.1" 200 568
INFO 2026-04-28 11:06:41,623 basehttp 141440 140080798496448 "GET /api/projects/?page=1&search&status HTTP/1.1" 200 568
INFO 2026-04-28 11:07:56,225 basehttp 141440 140080798496448 "GET /api/explorations/features/ HTTP/1.1" 200 52
INFO 2026-04-28 11:07:56,225 basehttp 141440 140080798496448 "GET /api/explorations/features/ HTTP/1.1" 200 52
INFO 2026-04-28 11:07:57,127 basehttp 141440 140080798496448 "GET /api/projects/ HTTP/1.1" 200 568
INFO 2026-04-28 11:07:57,127 basehttp 141440 140080798496448 "GET /api/projects/ HTTP/1.1" 200 568
INFO 2026-04-28 11:07:57,219 basehttp 141440 140080798496448 "GET /api/explorations/runs/ HTTP/1.1" 200 5091
INFO 2026-04-28 11:07:57,219 basehttp 141440 140080798496448 "GET /api/explorations/runs/ HTTP/1.1" 200 5091
INFO 2026-04-28 11:08:00,122 basehttp 141440 140080798496448 "GET /api/explorations/runs/ HTTP/1.1" 200 5091
INFO 2026-04-28 11:08:00,122 basehttp 141440 140080798496448 "GET /api/explorations/runs/ HTTP/1.1" 200 5091
INFO 2026-04-28 11:08:03,325 basehttp 141440 140080798496448 "GET /api/projects/?page=1&search&status HTTP/1.1" 200 568
INFO 2026-04-28 11:08:03,325 basehttp 141440 140080798496448 "GET /api/projects/?page=1&search&status HTTP/1.1" 200 568
INFO 2026-04-28 11:09:26,648 basehttp 141440 140080798496448 "GET /api/projects/ HTTP/1.1" 200 568
INFO 2026-04-28 11:09:26,648 basehttp 141440 140080798496448 "GET /api/projects/ HTTP/1.1" 200 568
INFO 2026-04-28 11:09:26,685 basehttp 141440 140080798496448 "GET /api/explorations/runs/ HTTP/1.1" 200 5091
INFO 2026-04-28 11:09:26,685 basehttp 141440 140080798496448 "GET /api/explorations/runs/ HTTP/1.1" 200 5091
INFO 2026-04-28 11:09:29,086 basehttp 141440 140080798496448 "GET /api/explorations/runs/ HTTP/1.1" 200 5091
INFO 2026-04-28 11:09:29,086 basehttp 141440 140080798496448 "GET /api/explorations/runs/ HTTP/1.1" 200 5091
INFO 2026-04-28 11:09:32,059 basehttp 141440 140080798496448 "GET /api/explorations/features/ HTTP/1.1" 200 52
INFO 2026-04-28 11:09:32,059 basehttp 141440 140080798496448 "GET /api/explorations/features/ HTTP/1.1" 200 52
INFO 2026-04-28 11:09:33,110 basehttp 141440 140080798496448 "GET /api/projects/ HTTP/1.1" 200 568
INFO 2026-04-28 11:09:33,110 basehttp 141440 140080798496448 "GET /api/projects/ HTTP/1.1" 200 568
INFO 2026-04-28 11:09:33,111 basehttp 141440 140080808986304 "GET /api/explorations/runs/ HTTP/1.1" 200 5091
INFO 2026-04-28 11:09:33,111 basehttp 141440 140080808986304 "GET /api/explorations/runs/ HTTP/1.1" 200 5091
INFO 2026-04-28 11:09:35,064 basehttp 141440 140080808986304 "GET /api/projects/ HTTP/1.1" 200 568
INFO 2026-04-28 11:09:35,064 basehttp 141440 140080808986304 "GET /api/projects/ HTTP/1.1" 200 568
INFO 2026-04-28 11:09:35,066 basehttp 141440 140080798496448 "GET /api/requirement-analysis/config/check/ HTTP/1.1" 200 612
INFO 2026-04-28 11:09:35,066 basehttp 141440 140080798496448 "GET /api/requirement-analysis/config/check/ HTTP/1.1" 200 612
INFO 2026-04-28 11:12:28,614 autoreload 95827 140230465981312 /workspace/apps/requirement_analysis/models.py changed, reloading.
INFO 2026-04-28 11:12:28,614 autoreload 95827 140230465981312 /workspace/apps/requirement_analysis/models.py changed, reloading.
INFO 2026-04-28 11:12:28,637 autoreload 141440 140081053178752 /workspace/apps/explorations/models.py changed, reloading.
INFO 2026-04-28 11:12:28,637 autoreload 141440 140081053178752 /workspace/apps/explorations/models.py changed, reloading.
INFO 2026-04-28 11:12:29,677 autoreload 197053 139626184330112 Watching for file changes with StatReloader
INFO 2026-04-28 11:12:29,677 autoreload 197053 139626184330112 Watching for file changes with StatReloader
INFO 2026-04-28 11:12:29,780 autoreload 197054 140428411149184 Watching for file changes with StatReloader
INFO 2026-04-28 11:12:29,780 autoreload 197054 140428411149184 Watching for file changes with StatReloader
INFO 2026-04-28 11:13:49,524 autoreload 197053 139626184330112 /workspace/apps/explorations/tasks.py changed, reloading.
INFO 2026-04-28 11:13:49,524 autoreload 197053 139626184330112 /workspace/apps/explorations/tasks.py changed, reloading.
INFO 2026-04-28 11:13:50,597 autoreload 200683 140002962713472 Watching for file changes with StatReloader
INFO 2026-04-28 11:13:50,597 autoreload 200683 140002962713472 Watching for file changes with StatReloader
INFO 2026-04-28 11:14:03,188 autoreload 200683 140002962713472 /workspace/apps/explorations/tasks.py changed, reloading.
INFO 2026-04-28 11:14:03,188 autoreload 200683 140002962713472 /workspace/apps/explorations/tasks.py changed, reloading.
INFO 2026-04-28 11:14:04,168 autoreload 201426 139707275193216 Watching for file changes with StatReloader
INFO 2026-04-28 11:14:04,168 autoreload 201426 139707275193216 Watching for file changes with StatReloader
ERROR 2026-04-28 11:15:35,293 signal 203597 139785215847296 Signal handler <bound method DjangoFixup.on_import_modules of <celery.fixups.django.DjangoFixup object at 0x7f22459db230>> raised: IndentationError('unexpected indent', ('/workspace/apps/explorations/tasks.py', 47, 4, '    let elements = document.querySelectorAll(\'a, button, input, [role="button"], [role="link"], .el-menu-item, .el-button\');\n', 47, -1))
Traceback (most recent call last):
  File "/workspace/venv/lib/python3.14/site-packages/celery/utils/dispatch/signal.py", line 276, in send
    response = receiver(signal=self, sender=sender, **named)
  File "/workspace/venv/lib/python3.14/site-packages/celery/fixups/django.py", line 97, in on_import_modules
    self.worker_fixup.validate_models()
    ~~~~~~~~~~~~~~~~~~~~~~~~~~~~~~~~~^^
  File "/workspace/venv/lib/python3.14/site-packages/celery/fixups/django.py", line 137, in validate_models
    run_checks()
    ~~~~~~~~~~^^
  File "/workspace/venv/lib/python3.14/site-packages/django/core/checks/registry.py", line 88, in run_checks
    new_errors = check(app_configs=app_configs, databases=databases)
  File "/workspace/venv/lib/python3.14/site-packages/django/core/checks/urls.py", line 14, in check_url_config
    return check_resolver(resolver)
  File "/workspace/venv/lib/python3.14/site-packages/django/core/checks/urls.py", line 24, in check_resolver
    return check_method()
  File "/workspace/venv/lib/python3.14/site-packages/django/urls/resolvers.py", line 494, in check
    for pattern in self.url_patterns:
                   ^^^^^^^^^^^^^^^^^
  File "/workspace/venv/lib/python3.14/site-packages/django/utils/functional.py", line 57, in __get__
    res = instance.__dict__[self.name] = self.func(instance)
                                         ~~~~~~~~~^^^^^^^^^^
  File "/workspace/venv/lib/python3.14/site-packages/django/urls/resolvers.py", line 715, in url_patterns
    patterns = getattr(self.urlconf_module, "urlpatterns", self.urlconf_module)
                       ^^^^^^^^^^^^^^^^^^^
  File "/workspace/venv/lib/python3.14/site-packages/django/utils/functional.py", line 57, in __get__
    res = instance.__dict__[self.name] = self.func(instance)
                                         ~~~~~~~~~^^^^^^^^^^
  File "/workspace/venv/lib/python3.14/site-packages/django/urls/resolvers.py", line 708, in urlconf_module
    return import_module(self.urlconf_name)
  File "/root/.pyenv/versions/3.14.3/lib/python3.14/importlib/__init__.py", line 88, in import_module
    return _bootstrap._gcd_import(name[level:], package, level)
           ~~~~~~~~~~~~~~~~~~~~~~^^^^^^^^^^^^^^^^^^^^^^^^^^^^^^
  File "<frozen importlib._bootstrap>", line 1398, in _gcd_import
  File "<frozen importlib._bootstrap>", line 1371, in _find_and_load
  File "<frozen importlib._bootstrap>", line 1342, in _find_and_load_unlocked
  File "<frozen importlib._bootstrap>", line 938, in _load_unlocked
  File "<frozen importlib._bootstrap_external>", line 759, in exec_module
  File "<frozen importlib._bootstrap>", line 491, in _call_with_frames_removed
  File "/workspace/backend/urls.py", line 31, in <module>
    path('api/explorations/', include('apps.explorations.urls')),
                              ~~~~~~~^^^^^^^^^^^^^^^^^^^^^^^^^^
  File "/workspace/venv/lib/python3.14/site-packages/django/urls/conf.py", line 38, in include
    urlconf_module = import_module(urlconf_module)
  File "/root/.pyenv/versions/3.14.3/lib/python3.14/importlib/__init__.py", line 88, in import_module
    return _bootstrap._gcd_import(name[level:], package, level)
           ~~~~~~~~~~~~~~~~~~~~~~^^^^^^^^^^^^^^^^^^^^^^^^^^^^^^
  File "<frozen importlib._bootstrap>", line 1398, in _gcd_import
  File "<frozen importlib._bootstrap>", line 1371, in _find_and_load
  File "<frozen importlib._bootstrap>", line 1342, in _find_and_load_unlocked
  File "<frozen importlib._bootstrap>", line 938, in _load_unlocked
  File "<frozen importlib._bootstrap_external>", line 759, in exec_module
  File "<frozen importlib._bootstrap>", line 491, in _call_with_frames_removed
  File "/workspace/apps/explorations/urls.py", line 3, in <module>
    from .views import ExplorationRunViewSet, FeatureItemViewSet, ExplorationArtifactViewSet
  File "/workspace/apps/explorations/views.py", line 6, in <module>
    from .tasks import run_system_exploration, stop_system_exploration
  File "/workspace/apps/explorations/tasks.py", line 47
    let elements = document.querySelectorAll('a, button, input, [role="button"], [role="link"], .el-menu-item, .el-button');
IndentationError: unexpected indent
ERROR 2026-04-28 11:15:35,305 signal 203597 139785215847296 Signal handler <promise@0x7f2245014a70 --> <bound method Celery._autodiscover_tasks of <Celery backend at 0x7f22459daba0>>> raised: IndentationError('unexpected indent', ('/workspace/apps/explorations/tasks.py', 47, 4, '    let elements = document.querySelectorAll(\'a, button, input, [role="button"], [role="link"], .el-menu-item, .el-button\');\n', 47, -1))
Traceback (most recent call last):
  File "/workspace/venv/lib/python3.14/site-packages/celery/utils/dispatch/signal.py", line 276, in send
    response = receiver(signal=self, sender=sender, **named)
  File "/workspace/venv/lib/python3.14/site-packages/vine/promises.py", line 161, in __call__
    return self.throw()
           ~~~~~~~~~~^^
  File "/workspace/venv/lib/python3.14/site-packages/vine/promises.py", line 158, in __call__
    retval = fun(*final_args, **final_kwargs)
  File "/workspace/venv/lib/python3.14/site-packages/celery/app/base.py", line 691, in _autodiscover_tasks
    return self._autodiscover_tasks_from_fixups(related_name)
           ~~~~~~~~~~~~~~~~~~~~~~~~~~~~~~~~~~~~^^^^^^^^^^^^^^
  File "/workspace/venv/lib/python3.14/site-packages/celery/app/base.py", line 700, in _autodiscover_tasks_from_fixups
    return self._autodiscover_tasks_from_names([
           ~~~~~~~~~~~~~~~~~~~~~~~~~~~~~~~~~~~^^
        pkg for fixup in self._fixups
        ^^^^^^^^^^^^^^^^^^^^^^^^^^^^^
        if hasattr(fixup, 'autodiscover_tasks')
        ^^^^^^^^^^^^^^^^^^^^^^^^^^^^^^^^^^^^^^^
        for pkg in fixup.autodiscover_tasks()
        ^^^^^^^^^^^^^^^^^^^^^^^^^^^^^^^^^^^^^
    ], related_name=related_name)
    ^^^^^^^^^^^^^^^^^^^^^^^^^^^^^
  File "/workspace/venv/lib/python3.14/site-packages/celery/app/base.py", line 695, in _autodiscover_tasks_from_names
    return self.loader.autodiscover_tasks(
           ~~~~~~~~~~~~~~~~~~~~~~~~~~~~~~^
        packages() if callable(packages) else packages, related_name,
        ^^^^^^^^^^^^^^^^^^^^^^^^^^^^^^^^^^^^^^^^^^^^^^^^^^^^^^^^^^^^^
    )
    ^
  File "/workspace/venv/lib/python3.14/site-packages/celery/loaders/base.py", line 220, in autodiscover_tasks
    mod.__name__ for mod in autodiscover_tasks(packages or (),
                            ~~~~~~~~~~~~~~~~~~^^^^^^^^^^^^^^^^
                                               related_name) if mod)
                                               ^^^^^^^^^^^^^
  File "/workspace/venv/lib/python3.14/site-packages/celery/loaders/base.py", line 246, in autodiscover_tasks
    return [find_related_module(pkg, related_name) for pkg in packages]
            ~~~~~~~~~~~~~~~~~~~^^^^^^^^^^^^^^^^^^^
  File "/workspace/venv/lib/python3.14/site-packages/celery/loaders/base.py", line 267, in find_related_module
    return importlib.import_module(module_name)
           ~~~~~~~~~~~~~~~~~~~~~~~^^^^^^^^^^^^^
  File "/root/.pyenv/versions/3.14.3/lib/python3.14/importlib/__init__.py", line 88, in import_module
    return _bootstrap._gcd_import(name[level:], package, level)
           ~~~~~~~~~~~~~~~~~~~~~~^^^^^^^^^^^^^^^^^^^^^^^^^^^^^^
  File "<frozen importlib._bootstrap>", line 1398, in _gcd_import
  File "<frozen importlib._bootstrap>", line 1371, in _find_and_load
  File "<frozen importlib._bootstrap>", line 1342, in _find_and_load_unlocked
  File "<frozen importlib._bootstrap>", line 938, in _load_unlocked
  File "<frozen importlib._bootstrap_external>", line 755, in exec_module
  File "<frozen importlib._bootstrap_external>", line 893, in get_code
  File "<frozen importlib._bootstrap_external>", line 823, in source_to_code
  File "<frozen importlib._bootstrap>", line 491, in _call_with_frames_removed
  File "/workspace/apps/explorations/tasks.py", line 47
    let elements = document.querySelectorAll('a, button, input, [role="button"], [role="link"], .el-menu-item, .el-button');
IndentationError: unexpected indent
INFO 2026-04-28 11:15:45,924 autoreload 205020 139623585086336 Watching for file changes with StatReloader
INFO 2026-04-28 11:15:45,924 autoreload 205020 139623585086336 Watching for file changes with StatReloader
INFO 2026-04-28 11:33:33,379 autoreload 201426 139707275193216 /workspace/apps/explorations/serializers.py changed, reloading.
INFO 2026-04-28 11:33:33,379 autoreload 201426 139707275193216 /workspace/apps/explorations/serializers.py changed, reloading.
INFO 2026-04-28 11:33:33,417 autoreload 205020 139623585086336 /workspace/apps/explorations/serializers.py changed, reloading.
INFO 2026-04-28 11:33:33,417 autoreload 205020 139623585086336 /workspace/apps/explorations/serializers.py changed, reloading.
INFO 2026-04-28 11:33:34,461 autoreload 206496 139829936712576 Watching for file changes with StatReloader
INFO 2026-04-28 11:33:34,461 autoreload 206496 139829936712576 Watching for file changes with StatReloader
INFO 2026-04-28 11:33:34,471 autoreload 206495 140049080462208 Watching for file changes with StatReloader
INFO 2026-04-28 11:33:34,471 autoreload 206495 140049080462208 Watching for file changes with StatReloader
INFO 2026-04-28 11:33:49,223 autoreload 206495 140049080462208 /workspace/apps/explorations/tasks.py changed, reloading.
INFO 2026-04-28 11:33:49,223 autoreload 206495 140049080462208 /workspace/apps/explorations/tasks.py changed, reloading.
INFO 2026-04-28 11:33:49,235 autoreload 206496 139829936712576 /workspace/apps/explorations/tasks.py changed, reloading.
INFO 2026-04-28 11:33:49,235 autoreload 206496 139829936712576 /workspace/apps/explorations/tasks.py changed, reloading.
INFO 2026-04-28 11:33:50,226 autoreload 207937 140446881524608 Watching for file changes with StatReloader
INFO 2026-04-28 11:33:50,226 autoreload 207937 140446881524608 Watching for file changes with StatReloader
INFO 2026-04-28 11:33:50,231 autoreload 207938 139859950799744 Watching for file changes with StatReloader
INFO 2026-04-28 11:33:50,231 autoreload 207938 139859950799744 Watching for file changes with StatReloader
INFO 2026-04-28 11:34:14,805 autoreload 207937 140446881524608 /workspace/apps/explorations/tasks.py changed, reloading.
INFO 2026-04-28 11:34:14,805 autoreload 207937 140446881524608 /workspace/apps/explorations/tasks.py changed, reloading.
INFO 2026-04-28 11:34:14,821 autoreload 207938 139859950799744 /workspace/apps/explorations/tasks.py changed, reloading.
INFO 2026-04-28 11:34:14,821 autoreload 207938 139859950799744 /workspace/apps/explorations/tasks.py changed, reloading.
INFO 2026-04-28 11:34:16,194 autoreload 208795 139753117879168 Watching for file changes with StatReloader
INFO 2026-04-28 11:34:16,194 autoreload 208795 139753117879168 Watching for file changes with StatReloader
INFO 2026-04-28 11:34:16,196 autoreload 208780 140318732499840 Watching for file changes with StatReloader
INFO 2026-04-28 11:34:16,196 autoreload 208780 140318732499840 Watching for file changes with StatReloader
INFO 2026-04-28 11:34:38,795 autoreload 208795 139753117879168 /workspace/apps/explorations/tasks.py changed, reloading.
INFO 2026-04-28 11:34:38,795 autoreload 208795 139753117879168 /workspace/apps/explorations/tasks.py changed, reloading.
INFO 2026-04-28 11:34:38,813 autoreload 208780 140318732499840 /workspace/apps/explorations/tasks.py changed, reloading.
INFO 2026-04-28 11:34:38,813 autoreload 208780 140318732499840 /workspace/apps/explorations/tasks.py changed, reloading.
INFO 2026-04-28 11:34:39,835 autoreload 210827 140050000477056 Watching for file changes with StatReloader
INFO 2026-04-28 11:34:39,835 autoreload 210827 140050000477056 Watching for file changes with StatReloader
INFO 2026-04-28 11:34:39,836 autoreload 210828 140163055987584 Watching for file changes with StatReloader
INFO 2026-04-28 11:34:39,836 autoreload 210828 140163055987584 Watching for file changes with StatReloader
INFO 2026-04-28 11:34:53,471 autoreload 210828 140163055987584 /workspace/apps/explorations/tasks.py changed, reloading.
INFO 2026-04-28 11:34:53,471 autoreload 210828 140163055987584 /workspace/apps/explorations/tasks.py changed, reloading.
INFO 2026-04-28 11:34:53,477 autoreload 210827 140050000477056 /workspace/apps/explorations/tasks.py changed, reloading.
INFO 2026-04-28 11:34:53,477 autoreload 210827 140050000477056 /workspace/apps/explorations/tasks.py changed, reloading.
INFO 2026-04-28 11:34:54,478 autoreload 212283 139757510814592 Watching for file changes with StatReloader
INFO 2026-04-28 11:34:54,478 autoreload 212283 139757510814592 Watching for file changes with StatReloader
INFO 2026-04-28 11:34:54,479 autoreload 212282 140372272683904 Watching for file changes with StatReloader
INFO 2026-04-28 11:34:54,479 autoreload 212282 140372272683904 Watching for file changes with StatReloader
INFO 2026-04-28 11:40:48,040 autoreload 212283 139757510814592 /workspace/apps/requirement_analysis/views.py changed, reloading.
INFO 2026-04-28 11:40:48,040 autoreload 212283 139757510814592 /workspace/apps/requirement_analysis/views.py changed, reloading.
INFO 2026-04-28 11:40:49,071 autoreload 220225 140043447597952 Watching for file changes with StatReloader
INFO 2026-04-28 11:40:49,071 autoreload 220225 140043447597952 Watching for file changes with StatReloader
INFO 2026-04-28 11:40:55,472 autoreload 220225 140043447597952 /workspace/apps/requirement_analysis/views.py changed, reloading.
INFO 2026-04-28 11:40:55,472 autoreload 220225 140043447597952 /workspace/apps/requirement_analysis/views.py changed, reloading.
INFO 2026-04-28 11:40:56,532 autoreload 220228 140085542783872 Watching for file changes with StatReloader
INFO 2026-04-28 11:40:56,532 autoreload 220228 140085542783872 Watching for file changes with StatReloader
INFO 2026-04-28 11:41:04,235 autoreload 220228 140085542783872 /workspace/apps/requirement_analysis/views.py changed, reloading.
INFO 2026-04-28 11:41:04,235 autoreload 220228 140085542783872 /workspace/apps/requirement_analysis/views.py changed, reloading.
INFO 2026-04-28 11:41:05,274 autoreload 220231 139752770399104 Watching for file changes with StatReloader
INFO 2026-04-28 11:41:05,274 autoreload 220231 139752770399104 Watching for file changes with StatReloader
